flywire: 139,248 neurons, 2,700,429 connections (1,051,304 inhibitory), 34,152,544 synapses
intact: {'steer': 26.67, 'escape': 41.67, 'walk': 5.56, 'hear': 13.0, 'accept': 30.0} | assay pops: {'steer': (115, 1), 'escape': (314, 2), 'walk': (234, 6), 'hear': (359, 13), 'accept': (2, 2)}
protected (assay I/O) neurons: 932
random    0% seed 0: steer=1.00 escape=1.00 walk=1.00 hear=0.93 accept=1.00  [14s]
random    1% seed 0: steer=1.00 escape=1.04 walk=0.90 hear=0.93 accept=1.00  [21s]
random    1% seed 1: steer=0.88 escape=1.00 walk=1.00 hear=0.81 accept=0.89  [28s]
random    1% seed 2: steer=0.88 escape=1.00 walk=0.90 hear=0.85 accept=1.11  [35s]
random    2% seed 0: steer=1.00 escape=1.00 walk=0.90 hear=0.89 accept=1.00  [42s]
random    2% seed 1: steer=0.88 escape=1.00 walk=1.10 hear=0.79 accept=0.89  [49s]
random    2% seed 2: steer=0.88 escape=1.00 walk=1.10 hear=0.87 accept=1.11  [56s]
random    5% seed 0: steer=1.12 escape=1.00 walk=1.00 hear=0.87 accept=1.00  [63s]
random    5% seed 1: steer=1.00 escape=1.00 walk=1.10 hear=0.79 accept=0.89  [70s]
random    5% seed 2: steer=0.88 escape=1.00 walk=1.00 hear=0.85 accept=1.11  [77s]
random   10% seed 0: steer=0.88 escape=1.04 walk=1.10 hear=0.89 accept=1.00  [84s]
random   10% seed 1: steer=0.88 escape=1.00 walk=1.10 hear=0.79 accept=0.89  [91s]
random   10% seed 2: steer=0.88 escape=1.00 walk=1.00 hear=0.87 accept=1.11  [98s]
random   20% seed 0: steer=0.75 escape=1.04 walk=1.00 hear=0.91 accept=1.00  [105s]
random   20% seed 1: steer=1.00 escape=1.04 walk=1.00 hear=0.81 accept=0.89  [112s]
random   20% seed 2: steer=0.88 escape=1.00 walk=0.80 hear=0.87 accept=1.11  [119s]
random   30% seed 0: steer=0.75 escape=1.04 walk=1.20 hear=0.91 accept=1.00  [126s]
random   30% seed 1: steer=1.00 escape=1.04 walk=1.00 hear=0.83 accept=0.89  [133s]
random   30% seed 2: steer=0.88 escape=1.04 walk=0.80 hear=0.83 accept=1.11  [140s]
random   40% seed 0: steer=0.62 escape=1.08 walk=1.40 hear=0.97 accept=1.00  [147s]
random   40% seed 1: steer=0.75 escape=1.00 walk=1.00 hear=0.81 accept=0.89  [154s]
random   40% seed 2: steer=0.50 escape=1.04 walk=0.70 hear=0.87 accept=1.11  [161s]
random   50% seed 0: steer=0.50 escape=1.08 walk=1.10 hear=0.93 accept=1.00  [169s]
random   50% seed 1: steer=0.62 escape=1.04 walk=0.50 hear=0.79 accept=0.89  [176s]
random   50% seed 2: steer=0.50 escape=1.04 walk=0.60 hear=0.89 accept=1.11  [183s]
random   60% seed 0: steer=0.38 escape=1.08 walk=0.90 hear=0.97 accept=1.00  [190s]
random   60% seed 1: steer=0.25 escape=1.04 walk=0.50 hear=0.85 accept=0.89  [196s]
random   60% seed 2: steer=0.50 escape=1.04 walk=0.50 hear=0.87 accept=1.11  [203s]
random   70% seed 0: steer=0.25 escape=1.08 walk=0.60 hear=0.93 accept=1.00  [210s]
random   70% seed 1: steer=0.25 escape=1.04 walk=0.60 hear=0.85 accept=0.89  [217s]
random   70% seed 2: steer=0.38 escape=1.04 walk=0.60 hear=0.85 accept=1.11  [224s]
random   80% seed 0: steer=0.25 escape=1.08 walk=0.60 hear=0.95 accept=1.00  [231s]
random   80% seed 1: steer=0.12 escape=1.04 walk=0.50 hear=0.83 accept=0.89  [238s]
random   80% seed 2: steer=0.25 escape=1.08 walk=0.40 hear=0.91 accept=1.11  [245s]
random   90% seed 0: steer=0.25 escape=1.08 walk=0.50 hear=0.99 accept=1.00  [252s]
random   90% seed 1: steer=0.00 escape=1.08 walk=0.00 hear=0.87 accept=0.89  [259s]
random   90% seed 2: steer=0.12 escape=1.08 walk=0.10 hear=0.91 accept=1.11  [265s]
targeted [optic lobes] removed 77,541: steer=1.00 escape=1.00 walk=1.00 hear=0.93 accept=1.00
targeted [central brain intrinsic] removed 32,371: steer=0.00 escape=1.08 walk=0.00 hear=1.03 accept=1.00
