malecns: 164,611 neurons, 6,234,453 connections (2,285,231 inhibitory), 89,708,752 synapses
intact: {'steer': 26.67, 'escape': 53.33, 'walk': 2.22, 'song': 40.0} | assay pops: {'steer': (135, 1), 'escape': (311, 2), 'walk': (269, 6), 'song': (148, 2)}
protected (assay I/O) neurons: 873
random    0% seed 0: steer=1.00 escape=1.00 walk=1.00 song=1.00  [14s]
random    1% seed 0: steer=1.12 escape=1.03 walk=0.50 song=1.00  [21s]
random    1% seed 1: steer=1.12 escape=1.00 walk=1.25 song=1.00  [28s]
random    1% seed 2: steer=1.12 escape=1.00 walk=1.00 song=1.00  [35s]
random    2% seed 0: steer=1.00 escape=1.03 walk=1.00 song=1.08  [42s]
random    2% seed 1: steer=1.12 escape=1.00 walk=1.50 song=1.04  [49s]
random    2% seed 2: steer=1.00 escape=1.00 walk=0.75 song=1.00  [55s]
random    5% seed 0: steer=1.12 escape=1.03 walk=1.00 song=1.08  [62s]
random    5% seed 1: steer=1.00 escape=1.03 walk=0.50 song=1.04  [69s]
random    5% seed 2: steer=1.00 escape=0.97 walk=0.75 song=1.04  [76s]
random   10% seed 0: steer=1.00 escape=1.00 walk=0.75 song=1.08  [83s]
random   10% seed 1: steer=1.00 escape=1.03 walk=0.75 song=1.04  [91s]
random   10% seed 2: steer=1.12 escape=0.97 walk=1.00 song=1.00  [97s]
random   20% seed 0: steer=1.12 escape=1.03 walk=0.50 song=1.08  [104s]
random   20% seed 1: steer=1.00 escape=1.03 walk=0.50 song=1.08  [111s]
random   20% seed 2: steer=1.12 escape=1.00 walk=0.25 song=1.08  [118s]
random   30% seed 0: steer=1.00 escape=1.03 walk=0.75 song=1.08  [125s]
random   30% seed 1: steer=1.00 escape=1.00 walk=0.75 song=1.04  [132s]
random   30% seed 2: steer=0.88 escape=1.03 walk=0.25 song=1.08  [139s]
random   40% seed 0: steer=1.00 escape=1.00 walk=0.00 song=1.08  [146s]
random   40% seed 1: steer=0.88 escape=1.03 walk=0.25 song=1.08  [153s]
random   40% seed 2: steer=1.12 escape=1.03 walk=0.00 song=1.04  [160s]
random   50% seed 0: steer=1.00 escape=1.00 walk=0.50 song=1.08  [167s]
random   50% seed 1: steer=0.75 escape=1.03 walk=0.00 song=1.08  [174s]
random   50% seed 2: steer=1.12 escape=1.00 walk=0.00 song=1.04  [181s]
random   60% seed 0: steer=0.75 escape=1.00 walk=0.00 song=1.12  [188s]
random   60% seed 1: steer=0.62 escape=1.03 walk=0.25 song=1.08  [195s]
random   60% seed 2: steer=0.88 escape=0.97 walk=0.00 song=1.08  [201s]
random   70% seed 0: steer=0.50 escape=1.03 walk=0.00 song=1.12  [208s]
random   70% seed 1: steer=0.62 escape=1.03 walk=0.00 song=1.08  [215s]
random   70% seed 2: steer=0.88 escape=1.00 walk=0.00 song=1.08  [222s]
random   80% seed 0: steer=0.25 escape=1.03 walk=0.00 song=1.08  [228s]
random   80% seed 1: steer=0.50 escape=1.03 walk=0.00 song=1.08  [235s]
random   80% seed 2: steer=0.88 escape=1.00 walk=0.00 song=1.08  [242s]
random   90% seed 0: steer=0.00 escape=1.03 walk=0.00 song=1.08  [249s]
random   90% seed 1: steer=0.12 escape=1.03 walk=0.00 song=1.08  [255s]
random   90% seed 2: steer=0.62 escape=1.00 walk=0.00 song=1.08  [262s]
targeted [optic lobes] removed 89,381: steer=1.00 escape=1.03 walk=1.00 song=1.00
targeted [central brain intrinsic] removed 32,012: steer=0.00 escape=1.03 walk=0.00 song=1.08
targeted [all inhibitory (GABA)] removed 22,061: steer=1.38 escape=1.03 walk=6.50 song=1.17
targeted [all glutamatergic] removed 29,295: steer=1.12 escape=1.03 walk=1.25 song=1.04
targeted [all dopaminergic] removed 392: steer=1.00 escape=1.03 walk=0.75 song=1.00
targeted [right hemisphere] removed 82,152: steer=1.12 escape=1.03 walk=0.00 song=1.04
targeted [left hemisphere] removed 80,672: steer=0.00 escape=1.03 walk=0.00 song=1.08
targeted [top 1% hubs by synapse count] removed 1,638: steer=1.12 escape=1.03 walk=0.00 song=1.08
targeted [top 10% hubs] removed 16,275: steer=0.00 escape=1.03 walk=0.00 song=1.08
targeted [Kenyon cells (mushroom body)] removed 4,063: steer=1.00 escape=1.00 walk=1.00 song=1.00
targeted [central complex] removed 2,950: steer=1.00 escape=1.00 walk=1.00 song=1.00
targeted [all descending neurons except read-outs] removed 1,304: steer=1.00 escape=1.00 walk=0.75 song=1.00
targeted [ventral nerve cord] removed 20,130: steer=1.12 escape=1.00 walk=1.00 song=1.04
saved
