[steer] intact 26.7; keeping only the 491 neurons that fired (+136 I/O): 26.7
   chunks=   2 remaining=   245 tests=2 [8s]
   chunks=   2 remaining=   122 tests=4 [12s]
   chunks=   2 remaining=    61 tests=6 [15s]
   chunks=   2 remaining=    30 tests=8 [18s]
   chunks=   2 remaining=    30 tests=10 [21s]
   chunks=   4 remaining=    23 tests=14 [28s]
   chunks=   4 remaining=    11 tests=18 [35s]
   chunks=   4 remaining=     6 tests=22 [41s]
   chunks=   4 remaining=     6 tests=26 [48s]
   chunks=   6 remaining=     4 tests=32 [58s]
   chunks=   6 remaining=     4 tests=36 [64s]
[steer] MINIMAL CIRCUIT: 140 neurons (0.085% of brain) keeps score 13.3/26.7; types: [('LC10a', 135), ('AOTU005', 1), ('LAL026_a', 1), ('LAL027', 1), ('DNa02', 1), ('LAL026_b', 1)]
[escape] intact 53.3; keeping only the 1169 neurons that fired (+313 I/O): 53.3
   chunks=   2 remaining=     0 tests=2 [9s]
[escape] MINIMAL CIRCUIT: 313 neurons (0.190% of brain) keeps score 55.0/53.3; types: [('LPLC2', 185), ('LC4', 126), ('DNp01', 2)]
[walk] intact 2.2; keeping only the 1166 neurons that fired (+275 I/O): 2.2
   chunks=   2 remaining=  1166 tests=2 [9s]
   chunks=   4 remaining=   874 tests=6 [16s]
   chunks=   4 remaining=   656 tests=10 [23s]
   chunks=   4 remaining=   656 tests=14 [30s]
   chunks=   8 remaining=   410 tests=22 [44s]
   chunks=   8 remaining=   359 tests=30 [58s]
   chunks=   8 remaining=   359 tests=38 [72s]
   chunks=  16 remaining=   291 tests=54 [101s]
   chunks=  16 remaining=   255 tests=70 [129s]
   chunks=  16 remaining=   223 tests=86 [157s]
   chunks=  16 remaining=   181 tests=102 [185s]
   chunks=  16 remaining=   148 tests=118 [212s]
   chunks=  16 remaining=   139 tests=134 [240s]
   chunks=  16 remaining=   122 tests=150 [268s]
   chunks=  16 remaining=   106 tests=166 [294s]
   chunks=  16 remaining=   106 tests=182 [321s]
   chunks=  32 remaining=    66 tests=214 [374s]
   chunks=  32 remaining=    42 tests=246 [426s]
   chunks=  32 remaining=    31 tests=278 [478s]
   chunks=  32 remaining=    27 tests=309 [528s]
   chunks=  32 remaining=    27 tests=336 [572s]
[walk] MINIMAL CIRCUIT: 302 neurons (0.183% of brain) keeps score 1.1/2.2; types: [('LgLG1a', 136), ('WG4', 96), ('LgLG7', 21), ('LgLG6', 16), ('DNa02', 2), ('DNa01', 2), ('DNp09', 2), ('AVLP157', 2), ('CB2659', 2), ('AVLP488', 2), ('IN23B007', 2), ('IN17A013', 2)]
[song] intact 40.0; keeping only the 2047 neurons that fired (+150 I/O): 40.0
   chunks=   2 remaining=     0 tests=2 [8s]
[song] MINIMAL CIRCUIT: 150 neurons (0.091% of brain) keeps score 43.3/40.0; types: [('pC1_16b', 8), ('pC1_1a', 7), ('pC1_19', 7), ('pC1_4a', 6), ('pC1_6a', 6), ('pC1_14a', 6), ('pC1_16a', 5), ('pC1_17b', 5), ('pC1_12b', 4), ('pC1_18b', 4), ('pC1_2a', 4), ('pC1_9a', 4)]
done
